// Jest Snapshot v1, https://goo.gl/fbAQLP

exports[`<GifGridItem /> Component should be render <GifGridItem /> 1`] = `
<div
  className="card"
>
  <img
    alt="Un titulo"
    src="https://localhost/algo.jpg"
  />
  <p>
    Un titulo
  </p>
</div>
`;
